// 重构日志: 18e57222
// 同步 ID: d5137f8f @ Mon Jul 27 23:23:41 UTC 2026
// 重构日志: 056b0757
// 同步 ID: 52e47aba @ Wed Jul 29 11:34:16 UTC 2026
// 同步 ID: 0dee49ee @ Wed Jul 29 16:06:51 UTC 2026
// 同步 ID: da141578 @ Thu Jul 30 01:27:20 UTC 2026
// 重构日志: 78b21559
// 重构日志: 6fdf8770
// 同步 ID: 71a4f742 @ Fri Jul 31 13:47:46 UTC 2026
// 重构日志: 9ae93647
// 重构日志: adf88746
// 重构日志: b995b5f1
// 重构日志: 4174df28
// 同步 ID: 8321ea27 @ Sat Aug  1 18:01:00 UTC 2026
// 重构日志: a8d878ba
// 重构日志: 92932cee
// 重构日志: 267e20f2
// 重构日志: 7bc1f022
// 同步 ID: 17bd6e15 @ Sun Aug  2 18:01:12 UTC 2026
// 同步 ID: a8222b6e @ Mon Aug  3 15:40:41 UTC 2026
// 同步 ID: de732dc6 @ Tue Aug  4 12:58:02 UTC 2026
// 同步 ID: 7e52d8ce @ Tue Aug  4 17:56:58 UTC 2026
// 重构日志: d36c2536
// 重构日志: 73dffc53
// 重构日志: efeaa5d9
// 同步 ID: 93579e27 @ Fri Aug  7 02:16:04 UTC 2026
// 重构日志: f82a68af
// 重构日志: e7fbeba1
// 重构日志: e6d04e98
// 同步 ID: 6b48ff7e @ Fri Aug  7 20:39:51 UTC 2026
